// Jest Snapshot v1, https://goo.gl/fbAQLP

exports[`temp render 1`] = `
<ImageFollow>
  <a
    className="react-image-follow"
    onMouseLeave={[Function]}
    onMouseMove={[Function]}
    style={
      Object {
        "borderRadius": "8px",
      }
    }
    target="_blank"
  >
    <div
      className="react-image-follow-wrapper"
      style={
        Object {
          "borderRadius": "8px",
        }
      }
    >
      <img
        className="react-image-follow-img"
        style={
          Object {
            "borderRadius": "8px",
          }
        }
      />
    </div>
  </a>
</ImageFollow>
`;
